Archive member included because of file (symbol)

/usr/lib/gcc/arm-none-eabi/4.9.3/libgcc.a(_udivsi3.o)
                              binaries/qsort.o (__aeabi_uidiv)
/usr/lib/gcc/arm-none-eabi/4.9.3/libgcc.a(_divsi3.o)
                              binaries/xsh_help.o (__aeabi_idiv)
/usr/lib/gcc/arm-none-eabi/4.9.3/libgcc.a(_dvmd_tls.o)
                              /usr/lib/gcc/arm-none-eabi/4.9.3/libgcc.a(_udivsi3.o) (__aeabi_idiv0)

Allocating common symbols
Common symbol       size              file

netbufpool          0x4               binaries/net.o
readylist           0x2               binaries/ready.o
rfltab              0x5a0             binaries/rflinit.o
sleepq              0x2               binaries/clkinit.o
queue_lock          0x4               binaries/future_get.o
n                   0x4               binaries/xsh_prodcons.o
intc_vector         0x200             binaries/evec.o
nnames              0x4               binaries/naminit.o
udptab              0x168             binaries/udp.o
TEST                0x4               binaries/future_prod.o
minheap             0x4               binaries/meminit.o
marks               0x50              binaries/mark.o
currpid             0x4               binaries/initialize.o
Lf_data             0x20c             binaries/lfsinit.o
porttab             0x2d0             binaries/ptinit.o
ttytab              0x10c             binaries/ttyinit.o
proctab             0x15e0            binaries/initialize.o
eth_a_regs          0x1c              binaries/ethinit.o
prcount             0x4               binaries/initialize.o
lfltab              0xf00             binaries/lflinit.o
rdstab              0x8c              binaries/rdsinit.o
ethertab            0x138             binaries/ethinit.o
nsaddr              0x4               binaries/dns.o
MEMFREE_FLAG        0x1               binaries/initialize.o
NetData             0xa8              binaries/net.o
nmarks              0x4               binaries/mark.o
Defer               0x8               binaries/resched.o
semtab              0x4b0             binaries/initialize.o
maxheap             0x4               binaries/meminit.o
preempt             0x4               binaries/clkinit.o
buftab              0xf0              binaries/bufinit.o
Rf_data             0x18              binaries/rfsinit.o
mkmutex             0x4               binaries/mark.o
clktime             0x4               binaries/clkinit.o
cpudelay            0x4               binaries/main.o
arpcache            0x140             binaries/arp.o
icmptab             0x230             binaries/icmp.o
nbpools             0x4               binaries/bufinit.o
queuetab            0x980             binaries/queue.o
ptnextid            0x4               binaries/ptinit.o
Ram                 0x19000           binaries/raminit.o
ipoqueue            0x2c              binaries/ip.o
consumed            0x4               binaries/xsh_prodcons.o
memlist             0x8               binaries/initialize.o
produced            0x4               binaries/xsh_prodcons.o
nametab             0x19a0            binaries/naminit.o
ptfree              0x4               binaries/ptinit.o

Memory Configuration

Name             Origin             Length             Attributes
*default*        0x0000000000000000 0xffffffffffffffff

Linker script and memory map

                0x0000000081000000                physbase = 0x81000000
                0x0000000081000000                . = physbase
                0x0000000081000000                . = ALIGN (0x1000)

.text           0x0000000081000000    0x18000
                0x0000000081000000                text = ABSOLUTE (.)
 *(.text .text.*)
 .text          0x0000000081000000       0x4c binaries/start.o
                0x0000000081000000                start
 .text          0x000000008100004c      0x370 binaries/ascdate.o
                0x000000008100004c                ascdate
 .text          0x00000000810003bc       0x18 binaries/bufinit.o
                0x00000000810003bc                bufinit
 .text          0x00000000810003d4       0x70 binaries/chprio.o
                0x00000000810003d4                chprio
 .text          0x0000000081000444       0xf0 binaries/clkhandler.o
                0x0000000081000444                clkhandler
 .text          0x0000000081000534       0xd4 binaries/clkinit.o
                0x0000000081000534                clkinit
 .text          0x0000000081000608       0x5c binaries/close.o
                0x0000000081000608                close
 .text          0x0000000081000664        0x0 binaries/conf.o
 .text          0x0000000081000664       0x70 binaries/control.o
                0x0000000081000664                control
 .text          0x00000000810006d4      0x2c0 binaries/create.o
                0x00000000810006d4                create
 .text          0x0000000081000994       0xb0 binaries/evec.o
                0x0000000081000994                initintc
                0x00000000810009c0                set_evec
                0x0000000081000a00                irq_dispatch
 .text          0x0000000081000a44       0x10 binaries/exit.o
                0x0000000081000a44                exit
 .text          0x0000000081000a54       0x84 binaries/freebuf.o
                0x0000000081000a54                freebuf
 .text          0x0000000081000ad8      0x16c binaries/freemem.o
                0x0000000081000ad8                freemem
 .text          0x0000000081000c44       0x70 binaries/future_alloc.o
                0x0000000081000c44                future_alloc
 .text          0x0000000081000cb4       0x30 binaries/future_free.o
                0x0000000081000cb4                future_free
 .text          0x0000000081000ce4      0x1c8 binaries/future_get.o
                0x0000000081000ce4                future_get
 .text          0x0000000081000eac      0x18c binaries/future_set.o
                0x0000000081000eac                future_set
 .text          0x0000000081001038       0x7c binaries/getbuf.o
                0x0000000081001038                getbuf
 .text          0x00000000810010b4       0x5c binaries/getc.o
                0x00000000810010b4                getc
 .text          0x0000000081001110       0x68 binaries/getdev.o
                0x0000000081001110                getdev
 .text          0x0000000081001178       0xa0 binaries/getitem.o
                0x0000000081001178                getitem
                0x00000000810011a8                getfirst
                0x00000000810011dc                getlast
 .text          0x0000000081001218      0x108 binaries/getmem.o
                0x0000000081001218                getmem
 .text          0x0000000081001320       0x10 binaries/getpid.o
                0x0000000081001320                getpid
 .text          0x0000000081001330       0x5c binaries/getprio.o
                0x0000000081001330                getprio
 .text          0x000000008100138c       0xd0 binaries/getstk.o
                0x000000008100138c                getstk
 .text          0x000000008100145c       0x38 binaries/gettime.o
                0x000000008100145c                gettime
 .text          0x0000000081001494      0x1c8 binaries/getutime.o
                0x0000000081001494                getutime
 .text          0x000000008100165c       0x5c binaries/init.o
                0x000000008100165c                init
 .text          0x00000000810016b8      0x308 binaries/initialize.o
                0x00000000810016b8                nulluser
                0x0000000081001960                stop
                0x0000000081001984                delay
 .text          0x00000000810019c0       0xc0 binaries/insert.o
                0x00000000810019c0                insert
 .text          0x0000000081001a80      0x12c binaries/insertd.o
                0x0000000081001a80                insertd
 .text          0x0000000081001bac        0x8 binaries/ioerr.o
                0x0000000081001bac                ioerr
 .text          0x0000000081001bb4        0x8 binaries/ionull.o
                0x0000000081001bb4                ionull
 .text          0x0000000081001bbc      0x244 binaries/kill.o
                0x0000000081001bbc                kill
 .text          0x0000000081001e00       0xb4 binaries/kprintf.o
                0x0000000081001e00                kputc
                0x0000000081001e40                kgetc
                0x0000000081001e74                kprintf
 .text          0x0000000081001eb4       0xf8 binaries/main.o
                0x0000000081001eb4                counterproc
                0x0000000081001ef0                main
 .text          0x0000000081001fac       0xd0 binaries/mark.o
                0x0000000081001fac                markinit
                0x0000000081001fd8                mark
 .text          0x000000008100207c       0x44 binaries/meminit.o
                0x000000008100207c                meminit
 .text          0x00000000810020c0      0x138 binaries/mkbufpool.o
                0x00000000810020c0                mkbufpool
 .text          0x00000000810021f8      0x2e0 binaries/mycreate.o
                0x00000000810021f8                mycreate
 .text          0x00000000810024d8       0xb8 binaries/mygetmem.o
                0x00000000810024d8                mygetmem
 .text          0x0000000081002590       0x98 binaries/mygetstk.o
                0x0000000081002590                mygetstk
 .text          0x0000000081002628      0x190 binaries/mykill.o
                0x0000000081002628                mykill
 .text          0x00000000810027b8      0x134 binaries/myqueue.o
                0x00000000810027b8                enQ
                0x0000000081002804                deQ
                0x00000000810028a0                isQempty
 .text          0x00000000810028ec       0x88 binaries/newqueue.o
                0x00000000810028ec                newqueue
 .text          0x0000000081002974       0x68 binaries/open.o
                0x0000000081002974                open
 .text          0x00000000810029dc       0x20 binaries/panic.o
                0x00000000810029dc                panic
 .text          0x00000000810029fc       0x48 binaries/platinit.o
                0x00000000810029fc                platinit
 .text          0x0000000081002a44       0xa8 binaries/ptclear.o
                0x0000000081002a44                _ptclear
 .text          0x0000000081002aec       0x90 binaries/ptcount.o
                0x0000000081002aec                ptcount
 .text          0x0000000081002b7c      0x100 binaries/ptcreate.o
                0x0000000081002b7c                ptcreate
 .text          0x0000000081002c7c       0x70 binaries/ptdelete.o
                0x0000000081002c7c                ptdelete
 .text          0x0000000081002cec       0xbc binaries/ptinit.o
                0x0000000081002cec                ptinit
 .text          0x0000000081002da8      0x144 binaries/ptrecv.o
                0x0000000081002da8                ptrecv
 .text          0x0000000081002eec       0x6c binaries/ptreset.o
                0x0000000081002eec                ptreset
 .text          0x0000000081002f58      0x15c binaries/ptsend.o
                0x0000000081002f58                ptsend
 .text          0x00000000810030b4       0x64 binaries/putc.o
                0x00000000810030b4                putc
 .text          0x0000000081003118       0xe0 binaries/queue.o
                0x0000000081003118                enqueue
                0x000000008100319c                dequeue
 .text          0x00000000810031f8       0x68 binaries/read.o
                0x00000000810031f8                read
 .text          0x0000000081003260       0x74 binaries/ready.o
                0x0000000081003260                ready
 .text          0x00000000810032d4       0x84 binaries/receive.o
                0x00000000810032d4                receive
 .text          0x0000000081003358       0x64 binaries/recvclr.o
                0x0000000081003358                recvclr
 .text          0x00000000810033bc       0xe0 binaries/recvtime.o
                0x00000000810033bc                recvtime
 .text          0x000000008100349c      0x1d0 binaries/resched.o
                0x000000008100349c                resched
                0x00000000810035b8                resched_cntl
 .text          0x000000008100366c       0x88 binaries/resume.o
                0x000000008100366c                resume
 .text          0x00000000810036f4       0x64 binaries/seek.o
                0x00000000810036f4                seek
 .text          0x0000000081003758       0x58 binaries/semcount.o
                0x0000000081003758                semcount
 .text          0x00000000810037b0       0xb8 binaries/semcreate.o
                0x00000000810037b0                semcreate
 .text          0x0000000081003868       0xc8 binaries/semdelete.o
                0x0000000081003868                semdelete
 .text          0x0000000081003930       0xb4 binaries/semreset.o
                0x0000000081003930                semreset
 .text          0x00000000810039e4       0xc8 binaries/send.o
                0x00000000810039e4                send
 .text          0x0000000081003aac       0x98 binaries/signal.o
                0x0000000081003aac                signal
 .text          0x0000000081003b44       0xb8 binaries/signaln.o
                0x0000000081003b44                signaln
 .text          0x0000000081003bfc       0xd4 binaries/sleep.o
                0x0000000081003bfc                sleepms
                0x0000000081003c9c                sleep
 .text          0x0000000081003cd0       0xd0 binaries/suspend.o
                0x0000000081003cd0                suspend
 .text          0x0000000081003da0       0xa4 binaries/unsleep.o
                0x0000000081003da0                unsleep
 .text          0x0000000081003e44       0x10 binaries/userret.o
                0x0000000081003e44                userret
 .text          0x0000000081003e54       0xc4 binaries/wait.o
                0x0000000081003e54                wait
 .text          0x0000000081003f18       0x90 binaries/wakeup.o
                0x0000000081003f18                wakeup
 .text          0x0000000081003fa8       0x68 binaries/write.o
                0x0000000081003fa8                write
 .text          0x0000000081004010       0x18 binaries/xdone.o
                0x0000000081004010                xdone
 .text          0x0000000081004028       0x20 binaries/yield.o
                0x0000000081004028                yield
 .text          0x0000000081004048        0xc binaries/abs.o
                0x0000000081004048                abs
 .text          0x0000000081004054      0x130 binaries/atoi.o
                0x0000000081004054                atoi
 .text          0x0000000081004184      0x130 binaries/atol.o
                0x0000000081004184                atol
 .text          0x00000000810042b4       0x20 binaries/bzero.o
                0x00000000810042b4                bzero
 .text          0x00000000810042d4        0x0 binaries/ctype_.o
 .text          0x00000000810042d4      0x968 binaries/doprnt.o
                0x00000000810044c4                _doprnt
 .text          0x0000000081004c3c      0x728 binaries/doscan.o
                0x0000000081004c3c                _doscan
 .text          0x0000000081005364      0x8c0 binaries/fdoprnt.o
                0x0000000081005414                _fdoprnt
 .text          0x0000000081005c24       0x14 binaries/fgetc.o
                0x0000000081005c24                fgetc
 .text          0x0000000081005c38       0x84 binaries/fgets.o
                0x0000000081005c38                fgets
 .text          0x0000000081005cbc       0x3c binaries/fprintf.o
                0x0000000081005cbc                fprintf
 .text          0x0000000081005cf8       0x24 binaries/fputc.o
                0x0000000081005cf8                fputc
 .text          0x0000000081005d1c       0x38 binaries/fputs.o
                0x0000000081005d1c                fputs
 .text          0x0000000081005d54       0x78 binaries/fscanf.o
                0x0000000081005d88                fscanf
 .text          0x0000000081005dcc       0x2c binaries/getchar.o
                0x0000000081005dcc                getchar
 .text          0x0000000081005df8        0xc binaries/labs.o
                0x0000000081005df8                labs
 .text          0x0000000081005e04       0x40 binaries/memchr.o
                0x0000000081005e04                memchr
 .text          0x0000000081005e44       0x58 binaries/memcmp.o
                0x0000000081005e44                memcmp
 .text          0x0000000081005e9c       0x24 binaries/memcpy.o
                0x0000000081005e9c                memcpy
 .text          0x0000000081005ec0       0x20 binaries/memset.o
                0x0000000081005ec0                memset
 .text          0x0000000081005ee0       0x58 binaries/printf.o
                0x0000000081005ee0                printf
 .text          0x0000000081005f38       0x2c binaries/putchar.o
                0x0000000081005f38                putchar
 .text          0x0000000081005f64      0x238 binaries/qsort.o
                0x000000008100617c                qsort
 .text          0x000000008100619c       0x38 binaries/rand.o
                0x000000008100619c                srand
                0x00000000810061ac                rand
 .text          0x00000000810061d4       0x68 binaries/sprintf.o
                0x00000000810061ec                sprintf
 .text          0x000000008100623c       0x78 binaries/sscanf.o
                0x0000000081006270                sscanf
 .text          0x00000000810062b4       0x40 binaries/strchr.o
                0x00000000810062b4                strchr
 .text          0x00000000810062f4       0x54 binaries/strcmp.o
                0x00000000810062f4                strcmp
 .text          0x0000000081006348       0x1c binaries/strcpy.o
                0x0000000081006348                strcpy
 .text          0x0000000081006364       0x30 binaries/strlen.o
                0x0000000081006364                strlen
 .text          0x0000000081006394       0x50 binaries/strncat.o
                0x0000000081006394                strncat
 .text          0x00000000810063e4       0x50 binaries/strncmp.o
                0x00000000810063e4                strncmp
 .text          0x0000000081006434       0x80 binaries/strncpy.o
                0x0000000081006434                strncpy
 .text          0x00000000810064b4       0x50 binaries/strnlen.o
                0x00000000810064b4                strnlen
 .text          0x0000000081006504       0x40 binaries/strrchr.o
                0x0000000081006504                strrchr
 .text          0x0000000081006544       0xb0 binaries/strstr.o
                0x0000000081006544                strstr
 .text          0x00000000810065f4      0x154 binaries/ttycontrol.o
                0x00000000810065f4                ttycontrol
 .text          0x0000000081006748       0xc8 binaries/ttygetc.o
                0x0000000081006748                ttygetc
 .text          0x0000000081006810      0x4d4 binaries/ttyhandle_in.o
                0x00000000810068dc                ttyhandle_in
 .text          0x0000000081006ce4      0x16c binaries/ttyhandle_out.o
                0x0000000081006ce4                ttyhandle_out
 .text          0x0000000081006e50       0xcc binaries/ttyhandler.o
                0x0000000081006e50                ttyhandler
 .text          0x0000000081006f1c      0x144 binaries/ttyinit.o
                0x0000000081006f1c                ttyinit
 .text          0x0000000081007060        0xc binaries/ttykickout.o
                0x0000000081007060                ttykickout
 .text          0x000000008100706c       0x9c binaries/ttyputc.o
                0x000000008100706c                ttyputc
 .text          0x0000000081007108      0x134 binaries/ttyread.o
                0x0000000081007108                ttyread
 .text          0x000000008100723c       0x48 binaries/ttywrite.o
                0x000000008100723c                ttywrite
 .text          0x0000000081007284       0x68 binaries/consume.o
                0x0000000081007284                consumer
 .text          0x00000000810072ec        0x0 binaries/displayfreeblocks.o
 .text          0x00000000810072ec       0x54 binaries/future_cons.o
                0x00000000810072ec                future_cons
 .text          0x0000000081007340       0x6c binaries/future_prod.o
                0x0000000081007340                future_prod
 .text          0x00000000810073ac       0x84 binaries/produce.o
                0x00000000810073ac                producer
 .text          0x0000000081007430       0x18 binaries/testfunction.o
                0x0000000081007430                testfunction
 .text          0x0000000081007448      0x160 binaries/mount.o
                0x0000000081007448                namlen
                0x00000000810074a0                mount
 .text          0x00000000810075a8      0x1c0 binaries/naminit.o
                0x00000000810075a8                naminit
 .text          0x0000000081007768      0x24c binaries/nammap.o
                0x0000000081007768                namrepl
                0x00000000810078b8                namcpy
                0x0000000081007914                nammap
 .text          0x00000000810079b4       0x40 binaries/namopen.o
                0x00000000810079b4                namopen
 .text          0x00000000810079f4      0x108 binaries/colon2mac.o
                0x00000000810079f4                colon2mac
 .text          0x0000000081007afc       0x44 binaries/ethcontrol.o
                0x0000000081007afc                ethcontrol
 .text          0x0000000081007b40      0x178 binaries/ethhandler.o
                0x0000000081007b40                ethhandler
 .text          0x0000000081007cb8      0x7f8 binaries/ethinit.o
                0x0000000081007cb8                eth_phy_read
                0x0000000081007d1c                eth_phy_write
                0x0000000081007d64                eth_phy_reset
                0x0000000081007ec4                ethinit
 .text          0x00000000810084b0       0xf8 binaries/ethread.o
                0x00000000810084b0                ethread
 .text          0x00000000810085a8       0xf8 binaries/ethwrite.o
                0x00000000810085a8                ethwrite
 .text          0x00000000810086a0       0x88 binaries/rdsbufalloc.o
                0x00000000810086a0                rdsbufalloc
 .text          0x0000000081008728       0xe8 binaries/rdsclose.o
                0x0000000081008728                rdsclose
 .text          0x0000000081008810      0x1e8 binaries/rdscomm.o
                0x0000000081008810                rdscomm
 .text          0x00000000810089f8      0x1b0 binaries/rdscontrol.o
                0x00000000810089f8                rdscontrol
 .text          0x0000000081008ba8      0x1e0 binaries/rdsinit.o
                0x0000000081008ba8                rdsinit
 .text          0x0000000081008d88      0x1a0 binaries/rdsopen.o
                0x0000000081008d88                rdsopen
 .text          0x0000000081008f28      0x2d4 binaries/rdsprocess.o
                0x0000000081008f28                rdsprocess
 .text          0x00000000810091fc      0x240 binaries/rdsread.o
                0x00000000810091fc                rdsread
 .text          0x000000008100943c      0x1d0 binaries/rdswrite.o
                0x000000008100943c                rdswrite
 .text          0x000000008100960c        0x8 binaries/ramclose.o
                0x000000008100960c                ramclose
 .text          0x0000000081009614       0x3c binaries/raminit.o
                0x0000000081009614                raminit
 .text          0x0000000081009650        0x8 binaries/ramopen.o
                0x0000000081009650                ramopen
 .text          0x0000000081009658       0x24 binaries/ramread.o
                0x0000000081009658                ramread
 .text          0x000000008100967c       0x20 binaries/ramwrite.o
                0x000000008100967c                ramwrite
 .text          0x000000008100969c       0x94 binaries/lfdballoc.o
                0x000000008100969c                lfdballoc
 .text          0x0000000081009730       0x4c binaries/lfdbfree.o
                0x0000000081009730                lfdbfree
 .text          0x000000008100977c       0xb8 binaries/lfflush.o
                0x000000008100977c                lfflush
 .text          0x0000000081009834       0xc8 binaries/lfgetmode.o
                0x0000000081009834                lfgetmode
 .text          0x00000000810098fc       0x6c binaries/lfiballoc.o
                0x00000000810098fc                lfiballoc
 .text          0x0000000081009968       0x28 binaries/lfibclear.o
                0x0000000081009968                lfibclear
 .text          0x0000000081009990       0x64 binaries/lfibget.o
                0x0000000081009990                lfibget
 .text          0x00000000810099f4       0x90 binaries/lfibput.o
                0x00000000810099f4                lfibput
 .text          0x0000000081009a84       0xc4 binaries/lflclose.o
                0x0000000081009a84                lflclose
 .text          0x0000000081009b48       0xc8 binaries/lflcontrol.o
                0x0000000081009b48                lflcontrol
 .text          0x0000000081009c10      0x10c binaries/lflgetc.o
                0x0000000081009c10                lflgetc
 .text          0x0000000081009d1c       0xd0 binaries/lflinit.o
                0x0000000081009d1c                lflinit
 .text          0x0000000081009dec      0x14c binaries/lflputc.o
                0x0000000081009dec                lflputc
 .text          0x0000000081009f38       0x70 binaries/lflread.o
                0x0000000081009f38                lflread
 .text          0x0000000081009fa8       0xc0 binaries/lflseek.o
                0x0000000081009fa8                lflseek
 .text          0x000000008100a068       0x50 binaries/lflwrite.o
                0x000000008100a068                lflwrite
 .text          0x000000008100a0b8      0x11c binaries/lfsckfmt.o
                0x000000008100a0b8                lfsckfmt
 .text          0x000000008100a1d4      0x15c binaries/lfscreate.o
                0x000000008100a1d4                lfscreate
 .text          0x000000008100a330      0x1f0 binaries/lfsetup.o
                0x000000008100a330                lfsetup
 .text          0x000000008100a520       0x44 binaries/lfsinit.o
                0x000000008100a520                lfsinit
 .text          0x000000008100a564      0x378 binaries/lfsopen.o
                0x000000008100a564                lfsopen
 .text          0x000000008100a8dc      0x110 binaries/lftruncate.o
                0x000000008100a8dc                lftruncate
 .text          0x000000008100a9ec       0x7c binaries/rflclose.o
                0x000000008100a9ec                rflclose
 .text          0x000000008100aa68       0x28 binaries/rflgetc.o
                0x000000008100aa68                rflgetc
 .text          0x000000008100aa90       0x88 binaries/rflinit.o
                0x000000008100aa90                rflinit
 .text          0x000000008100ab18       0x2c binaries/rflputc.o
                0x000000008100ab18                rflputc
 .text          0x000000008100ab44      0x2c4 binaries/rflread.o
                0x000000008100ab44                rflread
 .text          0x000000008100ae08       0x7c binaries/rflseek.o
                0x000000008100ae08                rflseek
 .text          0x000000008100ae84      0x2e0 binaries/rflwrite.o
                0x000000008100ae84                rflwrite
 .text          0x000000008100b164      0x198 binaries/rfscomm.o
                0x000000008100b164                rfscomm
 .text          0x000000008100b2fc      0x224 binaries/rfscontrol.o
                0x000000008100b2fc                rfscontrol
 .text          0x000000008100b520       0xc8 binaries/rfsgetmode.o
                0x000000008100b520                rfsgetmode
 .text          0x000000008100b5e8       0x84 binaries/rfsinit.o
                0x000000008100b5e8                rfsinit
 .text          0x000000008100b66c       0x98 binaries/rfsndmsg.o
                0x000000008100b66c                rfsndmsg
 .text          0x000000008100b704      0x238 binaries/rfsopen.o
                0x000000008100b704                rfsopen
 .text          0x000000008100b93c      0x780 binaries/arp.o
                0x000000008100b93c                arp_init
                0x000000008100b95c                arp_alloc
                0x000000008100ba34                arp_ntoh
                0x000000008100bad8                arp_hton
                0x000000008100bb7c                arp_resolve
                0x000000008100be14                arp_in
 .text          0x000000008100c0bc      0xd78 binaries/dhcp.o
                0x000000008100c0bc                dump_dhcp_msg
                0x000000008100c6e0                get_dhcp_option_value
                0x000000008100c73c                build_dhcp_discover
                0x000000008100c868                build_dhcp_request
                0x000000008100ca14                getlocalip_boot
                0x000000008100ce1c                getlocalip
 .text          0x000000008100ce34      0x414 binaries/dns.o
                0x000000008100ce34                dns_bldq
                0x000000008100cee0                dns_getrname
                0x000000008100cfa4                dns_geta
                0x000000008100d0d4                dns_qa
 .text          0x000000008100d248      0x108 binaries/dot2ip.o
                0x000000008100d248                dot2ip
 .text          0x000000008100d350      0x328 binaries/hexdump.o
                0x000000008100d350                hexdump
                0x000000008100d49c                hexadump
 .text          0x000000008100d678      0x71c binaries/icmp.o
                0x000000008100d678                icmp_init
                0x000000008100d69c                icmp_register
                0x000000008100d75c                icmp_recv
                0x000000008100d8fc                icmp_mkpkt
                0x000000008100d9ec                icmp_in
                0x000000008100db78                icmp_send
                0x000000008100dbe8                icmp_release
                0x000000008100dcd0                icmp_cksum
                0x000000008100dd2c                icmp_hton
                0x000000008100dd60                icmp_ntoh
 .text          0x000000008100dd94      0x688 binaries/ip.o
                0x000000008100dd94                ip_local
                0x000000008100ddc4                ipcksum
                0x000000008100de08                ip_ntoh
                0x000000008100deac                ip_in
                0x000000008100dfe8                ip_hton
                0x000000008100e08c                ip_out
                0x000000008100e140                ip_send
                0x000000008100e270                ipout
                0x000000008100e380                ip_enqueue
 .text          0x000000008100e41c      0x1c4 binaries/net.o
                0x000000008100e41c                net_init
                0x000000008100e514                eth_hton
                0x000000008100e528                eth_ntoh
                0x000000008100e53c                netin
 .text          0x000000008100e5e0       0xa4 binaries/netstart.o
                0x000000008100e5e0                netstart
 .text          0x000000008100e684      0x9dc binaries/pdump.o
                0x000000008100e684                pdump
                0x000000008100ec10                pdumph
 .text          0x000000008100f060      0x580 binaries/tftp.o
                0x000000008100f060                tftp_send1
                0x000000008100f14c                tftpget_mb
                0x000000008100f5ac                tftpget
 .text          0x000000008100f5e0      0xa20 binaries/udp.o
                0x000000008100f5e0                udp_init
                0x000000008100f608                udp_in
                0x000000008100f73c                udp_register
                0x000000008100f840                udp_recv
                0x000000008100f9dc                udp_recvaddr
                0x000000008100fb94                udp_send
                0x000000008100fd3c                udp_sendto
                0x000000008100fea8                udp_release
                0x000000008100ff98                udp_ntoh
                0x000000008100ffcc                udp_hton
 .text          0x0000000081010000      0x13c binaries/addargs.o
                0x0000000081010000                addargs
 .text          0x000000008101013c      0x28c binaries/lexan.o
                0x000000008101013c                lexan
 .text          0x00000000810103c8      0x68c binaries/shell.o
                0x00000000810103c8                shell
 .text          0x0000000081010a54       0x64 binaries/xsh_argecho.o
                0x0000000081010a54                xsh_argecho
 .text          0x0000000081010ab8      0x1c8 binaries/xsh_arp.o
                0x0000000081010ab8                xsh_arp
 .text          0x0000000081010c80      0x214 binaries/xsh_ass6.o
                0x0000000081010c80                ass6_problem1
                0x0000000081010d18                ass6_problem2_getstk
                0x0000000081010d44                ass6_problem2_getmem
                0x0000000081010d70                ass6_problem3
                0x0000000081010dc8                xsh_ass6
 .text          0x0000000081010e94      0x234 binaries/xsh_cat.o
                0x0000000081010e94                xsh_cat
 .text          0x00000000810110c8       0x5c binaries/xsh_clear.o
                0x00000000810110c8                xsh_clear
 .text          0x0000000081011124      0x29c binaries/xsh_date.o
                0x0000000081011124                xsh_date
 .text          0x00000000810113c0       0x98 binaries/xsh_devdump.o
                0x00000000810113c0                xsh_devdump
 .text          0x0000000081011458       0x68 binaries/xsh_echo.o
                0x0000000081011458                xsh_echo
 .text          0x00000000810114c0        0x8 binaries/xsh_exit.o
                0x00000000810114c0                xsh_exit
 .text          0x00000000810114c8       0x98 binaries/xsh_hello.o
                0x00000000810114c8                xsh_hello
 .text          0x0000000081011560      0x3b8 binaries/xsh_help.o
                0x0000000081011560                xsh_help
 .text          0x0000000081011918      0x354 binaries/xsh_ipaddr.o
                0x0000000081011918                xsh_ipaddr
 .text          0x0000000081011c6c      0x1fc binaries/xsh_kill.o
                0x0000000081011c6c                xsh_kill
 .text          0x0000000081011e68      0x2ac binaries/xsh_led.o
                0x0000000081011e68                xsh_led
 .text          0x0000000081012114      0x434 binaries/xsh_memdump.o
                0x0000000081012208                xsh_memdump
 .text          0x0000000081012548      0x224 binaries/xsh_memstat.o
                0x0000000081012548                xsh_memstat
 .text          0x000000008101276c      0x3b8 binaries/xsh_ping.o
                0x000000008101276c                xsh_ping
 .text          0x0000000081012b24      0x410 binaries/xsh_prodcons.o
                0x0000000081012b24                xsh_prodcons
 .text          0x0000000081012f34      0x220 binaries/xsh_ps.o
                0x0000000081012f34                xsh_ps
 .text          0x0000000081013154       0x18 binaries/xsh_reset.o
                0x0000000081013154                xsh_reset
 .text          0x000000008101316c      0x1d4 binaries/xsh_sleep.o
                0x000000008101316c                xsh_sleep
 .text          0x0000000081013340      0x244 binaries/xsh_udpdump.o
                0x0000000081013340                xsh_udpdump
 .text          0x0000000081013584      0x3fc binaries/xsh_udpecho.o
                0x0000000081013584                xsh_udpecho
 .text          0x0000000081013980      0x250 binaries/xsh_udpeserver.o
                0x0000000081013980                xsh_udpeserver
 .text          0x0000000081013bd0      0x1b4 binaries/xsh_uptime.o
                0x0000000081013bd0                xsh_uptime
 .text          0x0000000081013d84       0x2c binaries/ctxsw.o
                0x0000000081013d84                ctxsw
 .text          0x0000000081013db0      0x100 binaries/intr.o
                0x0000000081013db0                disable
                0x0000000081013dbc                restore
                0x0000000081013de0                enable
                0x0000000081013de8                pause
                0x0000000081013de8                halt
                0x0000000081013df0                irq_except
                0x0000000081013e20                initevec
                0x0000000081013e80                expjmpinstr
 .text          0x0000000081013eb0      0x114 /usr/lib/gcc/arm-none-eabi/4.9.3/libgcc.a(_udivsi3.o)
                0x0000000081013eb0                __udivsi3
                0x0000000081013eb0                __aeabi_uidiv
                0x0000000081013fa4                __aeabi_uidivmod
 .text          0x0000000081013fc4      0x148 /usr/lib/gcc/arm-none-eabi/4.9.3/libgcc.a(_divsi3.o)
                0x0000000081013fc4                __aeabi_idiv
                0x0000000081013fc4                __divsi3
                0x00000000810140ec                __aeabi_idivmod
 .text          0x000000008101410c        0x4 /usr/lib/gcc/arm-none-eabi/4.9.3/libgcc.a(_dvmd_tls.o)
                0x000000008101410c                __aeabi_ldiv0
                0x000000008101410c                __aeabi_idiv0
 *(.rodata .rodata.*)
 .rodata.str1.4
                0x0000000081014110       0x78 binaries/ascdate.o
 .rodata.str1.4
                0x0000000081014188       0xcb binaries/conf.o
 .rodata.str1.4
                0x0000000000000000       0xcb binaries/future_get.o
                                          0x1 (size before relaxing)
 *fill*         0x0000000081014253        0x1 
 .rodata.str1.4
                0x0000000081014254       0x60 binaries/getutime.o
 .rodata.str1.4
                0x00000000810142b4      0x16c binaries/initialize.o
                                        0x170 (size before relaxing)
 .rodata.str1.4
                0x0000000081014420       0x45 binaries/kill.o
 *fill*         0x0000000081014465        0x3 
 .rodata.str1.4
                0x0000000081014468       0x56 binaries/main.o
 *fill*         0x00000000810144be        0x2 
 .rodata.str1.4
                0x00000000810144c0       0x10 binaries/panic.o
 .rodata.str1.4
                0x00000000810144d0       0x1c binaries/ptinit.o
 .rodata.str1.4
                0x00000000810144ec       0x25 binaries/ptsend.o
 *fill*         0x0000000081014511        0x3 
 .rodata.str1.4
                0x0000000081014514       0x27 binaries/xdone.o
 *fill*         0x000000008101453b        0x1 
 .rodata        0x000000008101453c       0x81 binaries/ctype_.o
                0x000000008101453c                _ctype_
 *fill*         0x00000000810145bd        0x3 
 .rodata.str1.4
                0x00000000810145c0       0x2f binaries/doprnt.o
 .rodata.str1.4
                0x0000000000000000       0x2d binaries/fdoprnt.o
 *fill*         0x00000000810145ef        0x1 
 .rodata.str1.4
                0x00000000810145f0       0x10 binaries/consume.o
 .rodata.str1.4
                0x0000000081014600       0x25 binaries/future_cons.o
 *fill*         0x0000000081014625        0x3 
 .rodata.str1.4
                0x0000000081014628       0x13 binaries/future_prod.o
 *fill*         0x000000008101463b        0x1 
 .rodata.str1.4
                0x000000008101463c       0x10 binaries/produce.o
 .rodata.str1.4
                0x000000008101464c       0x86 binaries/naminit.o
                                         0x8e (size before relaxing)
 *fill*         0x00000000810146d2        0x2 
 .rodata.str1.4
                0x00000000810146d4       0xe5 binaries/ethinit.o
 *fill*         0x00000000810147b9        0x3 
 .rodata.str1.4
                0x00000000810147bc       0x12 binaries/ethread.o
 *fill*         0x00000000810147ce        0x2 
 .rodata.str1.4
                0x00000000810147d0       0x2c binaries/rdsbufalloc.o
 .rodata.str1.4
                0x00000000810147fc       0x76 binaries/rdscomm.o
 *fill*         0x0000000081014872        0x2 
 .rodata.str1.4
                0x0000000081014874       0x48 binaries/rdscontrol.o
 .rodata.str1.4
                0x00000000810148bc       0x96 binaries/rdsinit.o
 *fill*         0x0000000081014952        0x2 
 .rodata.str1.4
                0x0000000081014954       0x22 binaries/rdsopen.o
 *fill*         0x0000000081014976        0x2 
 .rodata.str1.4
                0x0000000081014978       0x4d binaries/rdsprocess.o
 *fill*         0x00000000810149c5        0x3 
 .rodata.str1.4
                0x00000000810149c8        0x9 binaries/raminit.o
 *fill*         0x00000000810149d1        0x3 
 .rodata.str1.4
                0x00000000810149d4       0x37 binaries/lfdballoc.o
 *fill*         0x0000000081014a0b        0x1 
 .rodata.str1.4
                0x0000000081014a0c       0x14 binaries/lfiballoc.o
 .rodata.str1.4
                0x0000000081014a20       0x23 binaries/lflcontrol.o
 *fill*         0x0000000081014a43        0x1 
 .rodata.str1.4
                0x0000000081014a44       0xbb binaries/lfsckfmt.o
 *fill*         0x0000000081014aff        0x1 
 .rodata.str1.4
                0x0000000081014b00       0x21 binaries/rflread.o
 .rodata.str1.4
                0x0000000000000000       0x21 binaries/rflwrite.o
 *fill*         0x0000000081014b21        0x3 
 .rodata.str1.4
                0x0000000081014b24       0x75 binaries/rfscomm.o
 *fill*         0x0000000081014b99        0x3 
 .rodata.str1.4
                0x0000000081014b9c       0x23 binaries/rfscontrol.o
 *fill*         0x0000000081014bbf        0x1 
 .rodata.str1.4
                0x0000000081014bc0       0x63 binaries/rfsinit.o
 *fill*         0x0000000081014c23        0x1 
 .rodata.str1.4
                0x0000000081014c24       0x2a binaries/rfsndmsg.o
 .rodata.str1.4
                0x0000000000000000       0x22 binaries/rfsopen.o
 *fill*         0x0000000081014c4e        0x2 
 .rodata.str1.4
                0x0000000081014c50       0x3d binaries/arp.o
 *fill*         0x0000000081014c8d        0x3 
 .rodata.str1.4
                0x0000000081014c90      0x462 binaries/dhcp.o
                                        0x466 (size before relaxing)
 *fill*         0x00000000810150f2        0x2 
 .rodata.str1.4
                0x00000000810150f4       0xca binaries/hexdump.o
                                         0xd6 (size before relaxing)
 *fill*         0x00000000810151be        0x2 
 .rodata.str1.4
                0x00000000810151c0       0x29 binaries/icmp.o
 *fill*         0x00000000810151e9        0x3 
 .rodata.str1.4
                0x00000000810151ec       0x6e binaries/ip.o
 *fill*         0x000000008101525a        0x2 
 .rodata.str1.4
                0x000000008101525c       0x53 binaries/net.o
 *fill*         0x00000000810152af        0x1 
 .rodata.str1.4
                0x00000000810152b0       0x7f binaries/netstart.o
 *fill*         0x000000008101532f        0x1 
 .rodata.str1.4
                0x0000000081015330      0x292 binaries/pdump.o
                                        0x296 (size before relaxing)
 *fill*         0x00000000810155c2        0x2 
 .rodata.str1.4
                0x00000000810155c4      0x178 binaries/tftp.o
                                        0x17c (size before relaxing)
 .rodata        0x000000008101573c      0x12c binaries/shell.o
                0x000000008101573c                cmdtab
 .rodata.str1.4
                0x0000000081015868      0x30e binaries/shell.o
                                        0x316 (size before relaxing)
 *fill*         0x0000000081015b76        0x2 
 .rodata.str1.4
                0x0000000081015b78       0x29 binaries/xsh_argecho.o
                                         0x2e (size before relaxing)
 *fill*         0x0000000081015ba1        0x3 
 .rodata.str1.4
                0x0000000081015ba4      0x13e binaries/xsh_arp.o
                                        0x142 (size before relaxing)
 *fill*         0x0000000081015ce2        0x2 
 .rodata.str1.4
                0x0000000081015ce4      0x184 binaries/xsh_ass6.o
                                        0x194 (size before relaxing)
 .rodata.str1.4
                0x0000000081015e68       0x81 binaries/xsh_cat.o
                                         0xd1 (size before relaxing)
 *fill*         0x0000000081015ee9        0x3 
 .rodata.str1.4
                0x0000000081015eec       0x15 binaries/xsh_clear.o
 *fill*         0x0000000081015f01        0x3 
 .rodata.str1.4
                0x0000000081015f04      0x1af binaries/xsh_date.o
                                        0x1cb (size before relaxing)
 *fill*         0x00000000810160b3        0x1 
 .rodata.str1.4
                0x00000000810160b4       0x61 binaries/xsh_devdump.o
 *fill*         0x0000000081016115        0x3 
 .rodata.str1.4
                0x0000000081016118        0x8 binaries/xsh_echo.o
                                          0xa (size before relaxing)
 .rodata.str1.4
                0x0000000081016120       0xf7 binaries/xsh_hello.o
 *fill*         0x0000000081016217        0x1 
 .rodata.str1.4
                0x0000000081016218       0xe7 binaries/xsh_help.o
                                        0x17a (size before relaxing)
 *fill*         0x00000000810162ff        0x1 
 .rodata.str1.4
                0x0000000081016300       0xfb binaries/xsh_ipaddr.o
                                        0x1ab (size before relaxing)
 *fill*         0x00000000810163fb        0x1 
 .rodata.str1.4
                0x00000000810163fc       0xc8 binaries/xsh_kill.o
                                        0x136 (size before relaxing)
 .rodata.str1.4
                0x00000000810164c4       0xf7 binaries/xsh_led.o
                                        0x16b (size before relaxing)
 *fill*         0x00000000810165bb        0x1 
 .rodata.str1.4
                0x00000000810165bc      0x1e2 binaries/xsh_memdump.o
                                        0x262 (size before relaxing)
 *fill*         0x000000008101679e        0x2 
 .rodata.str1.4
                0x00000000810167a0      0x1cc binaries/xsh_memstat.o
                                        0x232 (size before relaxing)
 .rodata.str1.4
                0x000000008101696c      0x13f binaries/xsh_ping.o
                                        0x1b2 (size before relaxing)
 *fill*         0x0000000081016aab        0x1 
 .rodata.str1.4
                0x0000000081016aac      0x189 binaries/xsh_prodcons.o
                                        0x197 (size before relaxing)
 *fill*         0x0000000081016c35        0x3 
 .rodata        0x0000000081016c38       0x20 binaries/xsh_ps.o
 .rodata.str1.4
                0x0000000081016c58      0x11a binaries/xsh_ps.o
                                        0x1d2 (size before relaxing)
 *fill*         0x0000000081016d72        0x2 
 .rodata.str1.4
                0x0000000081016d74       0x5e binaries/xsh_sleep.o
                                         0xf6 (size before relaxing)
 *fill*         0x0000000081016dd2        0x2 
 .rodata        0x0000000081016dd4        0xc binaries/xsh_udpdump.o
 .rodata.str1.4
                0x0000000081016de0      0x122 binaries/xsh_udpdump.o
                                        0x1de (size before relaxing)
 *fill*         0x0000000081016f02        0x2 
 .rodata.str1.4
                0x0000000081016f04      0x1ae binaries/xsh_udpecho.o
                                        0x222 (size before relaxing)
 *fill*         0x00000000810170b2        0x2 
 .rodata.str1.4
                0x00000000810170b4       0x97 binaries/xsh_udpeserver.o
                                        0x13b (size before relaxing)
 *fill*         0x000000008101714b        0x1 
 .rodata.str1.4
                0x000000008101714c       0x78 binaries/xsh_uptime.o
                                        0x112 (size before relaxing)
                0x00000000810171c4                etext = ABSOLUTE (.)
                0x0000000081018000                . = ALIGN (0x1000)
 *fill*         0x00000000810171c4      0xe3c 

.glue_7         0x0000000081018000        0x0
 .glue_7        0x0000000000000000        0x0 linker stubs

.glue_7t        0x0000000081018000        0x0
 .glue_7t       0x0000000000000000        0x0 linker stubs

.vfp11_veneer   0x0000000081018000        0x0
 .vfp11_veneer  0x0000000000000000        0x0 linker stubs

.v4_bx          0x0000000081018000        0x0
 .v4_bx         0x0000000000000000        0x0 linker stubs

.iplt           0x0000000081018000        0x0
 .iplt          0x0000000000000000        0x0 binaries/start.o

.rel.dyn        0x0000000081018000        0x0
 .rel.iplt      0x0000000000000000        0x0 binaries/start.o

.data           0x0000000081018000     0x1000
                0x0000000081018000                data = ABSOLUTE (.)
 *(.data .data.*)
 .data          0x0000000081018000        0x0 binaries/start.o
 .data          0x0000000081018000       0x88 binaries/ascdate.o
                0x0000000081018000                Date
 .data          0x0000000081018088        0x0 binaries/bufinit.o
 .data          0x0000000081018088        0x0 binaries/chprio.o
 .data          0x0000000081018088        0x4 binaries/clkhandler.o
 .data          0x000000008101808c        0x0 binaries/clkinit.o
 .data          0x000000008101808c        0x0 binaries/close.o
 .data          0x000000008101808c      0x5a0 binaries/conf.o
                0x000000008101808c                devtab
 .data          0x000000008101862c        0x0 binaries/control.o
 .data          0x000000008101862c        0x4 binaries/create.o
 .data          0x0000000081018630       0x3d binaries/evec.o
                0x0000000081018630                expmsg2
                0x0000000081018644                expmsg1
 .data          0x000000008101866d        0x0 binaries/exit.o
 .data          0x000000008101866d        0x0 binaries/freebuf.o
 .data          0x000000008101866d        0x0 binaries/freemem.o
 .data          0x000000008101866d        0x0 binaries/future_alloc.o
 .data          0x000000008101866d        0x0 binaries/future_free.o
 .data          0x000000008101866d        0x0 binaries/future_get.o
 .data          0x000000008101866d        0x0 binaries/future_set.o
 .data          0x000000008101866d        0x0 binaries/getbuf.o
 .data          0x000000008101866d        0x0 binaries/getc.o
 .data          0x000000008101866d        0x0 binaries/getdev.o
 .data          0x000000008101866d        0x0 binaries/getitem.o
 .data          0x000000008101866d        0x0 binaries/getmem.o
 .data          0x000000008101866d        0x0 binaries/getpid.o
 .data          0x000000008101866d        0x0 binaries/getprio.o
 .data          0x000000008101866d        0x0 binaries/getstk.o
 .data          0x000000008101866d        0x0 binaries/gettime.o
 .data          0x000000008101866d        0x0 binaries/getutime.o
 .data          0x000000008101866d        0x0 binaries/init.o
 .data          0x000000008101866d        0x0 binaries/initialize.o
 .data          0x000000008101866d        0x0 binaries/insert.o
 .data          0x000000008101866d        0x0 binaries/insertd.o
 .data          0x000000008101866d        0x0 binaries/ioerr.o
 .data          0x000000008101866d        0x0 binaries/ionull.o
 .data          0x000000008101866d        0x0 binaries/kill.o
 .data          0x000000008101866d        0x0 binaries/kprintf.o
 *fill*         0x000000008101866d        0x3 
 .data          0x0000000081018670        0x4 binaries/main.o
                0x0000000081018670                gcounter
 .data          0x0000000081018674        0x0 binaries/mark.o
 .data          0x0000000081018674        0x0 binaries/meminit.o
 .data          0x0000000081018674        0x0 binaries/mkbufpool.o
 .data          0x0000000081018674        0x4 binaries/mycreate.o
 .data          0x0000000081018678        0x0 binaries/mygetmem.o
 .data          0x0000000081018678        0x0 binaries/mygetstk.o
 .data          0x0000000081018678        0x0 binaries/mykill.o
 .data          0x0000000081018678        0x0 binaries/myqueue.o
 .data          0x0000000081018678        0x2 binaries/newqueue.o
 .data          0x000000008101867a        0x0 binaries/open.o
 .data          0x000000008101867a        0x0 binaries/panic.o
 .data          0x000000008101867a        0x0 binaries/platinit.o
 .data          0x000000008101867a        0x0 binaries/ptclear.o
 .data          0x000000008101867a        0x0 binaries/ptcount.o
 .data          0x000000008101867a        0x0 binaries/ptcreate.o
 .data          0x000000008101867a        0x0 binaries/ptdelete.o
 .data          0x000000008101867a        0x0 binaries/ptinit.o
 .data          0x000000008101867a        0x0 binaries/ptrecv.o
 .data          0x000000008101867a        0x0 binaries/ptreset.o
 .data          0x000000008101867a        0x0 binaries/ptsend.o
 .data          0x000000008101867a        0x0 binaries/putc.o
 .data          0x000000008101867a        0x0 binaries/queue.o
 .data          0x000000008101867a        0x0 binaries/read.o
 .data          0x000000008101867a        0x0 binaries/ready.o
 .data          0x000000008101867a        0x0 binaries/receive.o
 .data          0x000000008101867a        0x0 binaries/recvclr.o
 .data          0x000000008101867a        0x0 binaries/recvtime.o
 .data          0x000000008101867a        0x0 binaries/resched.o
 .data          0x000000008101867a        0x0 binaries/resume.o
 .data          0x000000008101867a        0x0 binaries/seek.o
 .data          0x000000008101867a        0x0 binaries/semcount.o
 .data          0x000000008101867a        0x0 binaries/semcreate.o
 .data          0x000000008101867a        0x0 binaries/semdelete.o
 .data          0x000000008101867a        0x0 binaries/semreset.o
 .data          0x000000008101867a        0x0 binaries/send.o
 .data          0x000000008101867a        0x0 binaries/signal.o
 .data          0x000000008101867a        0x0 binaries/signaln.o
 .data          0x000000008101867a        0x0 binaries/sleep.o
 .data          0x000000008101867a        0x0 binaries/suspend.o
 .data          0x000000008101867a        0x0 binaries/unsleep.o
 .data          0x000000008101867a        0x0 binaries/userret.o
 .data          0x000000008101867a        0x0 binaries/wait.o
 .data          0x000000008101867a        0x0 binaries/wakeup.o
 .data          0x000000008101867a        0x0 binaries/write.o
 .data          0x000000008101867a        0x0 binaries/xdone.o
 .data          0x000000008101867a        0x0 binaries/yield.o
 .data          0x000000008101867a        0x0 binaries/abs.o
 .data          0x000000008101867a        0x0 binaries/atoi.o
 .data          0x000000008101867a        0x0 binaries/atol.o
 .data          0x000000008101867a        0x0 binaries/bzero.o
 .data          0x000000008101867a        0x0 binaries/ctype_.o
 .data          0x000000008101867a        0x0 binaries/doprnt.o
 *fill*         0x000000008101867a        0x2 
 .data          0x000000008101867c       0x80 binaries/doscan.o
                0x000000008101867c                _sctab
 .data          0x00000000810186fc        0x0 binaries/fdoprnt.o
 .data          0x00000000810186fc        0x0 binaries/fgetc.o
 .data          0x00000000810186fc        0x0 binaries/fgets.o
 .data          0x00000000810186fc        0x0 binaries/fprintf.o
 .data          0x00000000810186fc        0x0 binaries/fputc.o
 .data          0x00000000810186fc        0x0 binaries/fputs.o
 .data          0x00000000810186fc        0x0 binaries/fscanf.o
 .data          0x00000000810186fc        0x0 binaries/getchar.o
 .data          0x00000000810186fc        0x0 binaries/labs.o
 .data          0x00000000810186fc        0x0 binaries/memchr.o
 .data          0x00000000810186fc        0x0 binaries/memcmp.o
 .data          0x00000000810186fc        0x0 binaries/memcpy.o
 .data          0x00000000810186fc        0x0 binaries/memset.o
 .data          0x00000000810186fc        0x0 binaries/printf.o
 .data          0x00000000810186fc        0x0 binaries/putchar.o
 .data          0x00000000810186fc        0x0 binaries/qsort.o
 .data          0x00000000810186fc        0x4 binaries/rand.o
 .data          0x0000000081018700        0x0 binaries/sprintf.o
 .data          0x0000000081018700        0x0 binaries/sscanf.o
 .data          0x0000000081018700        0x0 binaries/strchr.o
 .data          0x0000000081018700        0x0 binaries/strcmp.o
 .data          0x0000000081018700        0x0 binaries/strcpy.o
 .data          0x0000000081018700        0x0 binaries/strlen.o
 .data          0x0000000081018700        0x0 binaries/strncat.o
 .data          0x0000000081018700        0x0 binaries/strncmp.o
 .data          0x0000000081018700        0x0 binaries/strncpy.o
 .data          0x0000000081018700        0x0 binaries/strnlen.o
 .data          0x0000000081018700        0x0 binaries/strrchr.o
 .data          0x0000000081018700        0x0 binaries/strstr.o
 .data          0x0000000081018700        0x0 binaries/ttycontrol.o
 .data          0x0000000081018700        0x0 binaries/ttygetc.o
 .data          0x0000000081018700        0x0 binaries/ttyhandle_in.o
 .data          0x0000000081018700        0x0 binaries/ttyhandle_out.o
 .data          0x0000000081018700        0x0 binaries/ttyhandler.o
 .data          0x0000000081018700        0x0 binaries/ttyinit.o
 .data          0x0000000081018700        0x0 binaries/ttykickout.o
 .data          0x0000000081018700        0x0 binaries/ttyputc.o
 .data          0x0000000081018700        0x0 binaries/ttyread.o
 .data          0x0000000081018700        0x0 binaries/ttywrite.o
 .data          0x0000000081018700        0x0 binaries/consume.o
 .data          0x0000000081018700        0x0 binaries/displayfreeblocks.o
 .data          0x0000000081018700        0x0 binaries/future_cons.o
 .data          0x0000000081018700        0x0 binaries/future_prod.o
 .data          0x0000000081018700        0x0 binaries/produce.o
 .data          0x0000000081018700        0x0 binaries/testfunction.o
 .data          0x0000000081018700        0x0 binaries/mount.o
 .data          0x0000000081018700        0x0 binaries/naminit.o
 .data          0x0000000081018700        0x0 binaries/nammap.o
 .data          0x0000000081018700        0x0 binaries/namopen.o
 .data          0x0000000081018700        0x0 binaries/colon2mac.o
 .data          0x0000000081018700        0x0 binaries/ethcontrol.o
 .data          0x0000000081018700        0x0 binaries/ethhandler.o
 .data          0x0000000081018700        0x0 binaries/ethinit.o
 .data          0x0000000081018700        0x0 binaries/ethread.o
 .data          0x0000000081018700        0x0 binaries/ethwrite.o
 .data          0x0000000081018700        0x0 binaries/rdsbufalloc.o
 .data          0x0000000081018700        0x0 binaries/rdsclose.o
 .data          0x0000000081018700        0x0 binaries/rdscomm.o
 .data          0x0000000081018700        0x0 binaries/rdscontrol.o
 .data          0x0000000081018700        0x0 binaries/rdsinit.o
 .data          0x0000000081018700        0x0 binaries/rdsopen.o
 .data          0x0000000081018700        0x0 binaries/rdsprocess.o
 .data          0x0000000081018700        0x0 binaries/rdsread.o
 .data          0x0000000081018700        0x0 binaries/rdswrite.o
 .data          0x0000000081018700        0x0 binaries/ramclose.o
 .data          0x0000000081018700        0x0 binaries/raminit.o
 .data          0x0000000081018700        0x0 binaries/ramopen.o
 .data          0x0000000081018700        0x0 binaries/ramread.o
 .data          0x0000000081018700        0x0 binaries/ramwrite.o
 .data          0x0000000081018700        0x0 binaries/lfdballoc.o
 .data          0x0000000081018700        0x0 binaries/lfdbfree.o
 .data          0x0000000081018700        0x0 binaries/lfflush.o
 .data          0x0000000081018700        0x0 binaries/lfgetmode.o
 .data          0x0000000081018700        0x0 binaries/lfiballoc.o
 .data          0x0000000081018700        0x0 binaries/lfibclear.o
 .data          0x0000000081018700        0x0 binaries/lfibget.o
 .data          0x0000000081018700        0x0 binaries/lfibput.o
 .data          0x0000000081018700        0x0 binaries/lflclose.o
 .data          0x0000000081018700        0x0 binaries/lflcontrol.o
 .data          0x0000000081018700        0x0 binaries/lflgetc.o
 .data          0x0000000081018700        0x0 binaries/lflinit.o
 .data          0x0000000081018700        0x0 binaries/lflputc.o
 .data          0x0000000081018700        0x0 binaries/lflread.o
 .data          0x0000000081018700        0x0 binaries/lflseek.o
 .data          0x0000000081018700        0x0 binaries/lflwrite.o
 .data          0x0000000081018700        0x0 binaries/lfsckfmt.o
 .data          0x0000000081018700        0x0 binaries/lfscreate.o
 .data          0x0000000081018700        0x0 binaries/lfsetup.o
 .data          0x0000000081018700        0x0 binaries/lfsinit.o
 .data          0x0000000081018700        0x0 binaries/lfsopen.o
 .data          0x0000000081018700        0x0 binaries/lftruncate.o
 .data          0x0000000081018700        0x0 binaries/rflclose.o
 .data          0x0000000081018700        0x0 binaries/rflgetc.o
 .data          0x0000000081018700        0x0 binaries/rflinit.o
 .data          0x0000000081018700        0x0 binaries/rflputc.o
 .data          0x0000000081018700        0x0 binaries/rflread.o
 .data          0x0000000081018700        0x0 binaries/rflseek.o
 .data          0x0000000081018700        0x0 binaries/rflwrite.o
 .data          0x0000000081018700        0x0 binaries/rfscomm.o
 .data          0x0000000081018700        0x0 binaries/rfscontrol.o
 .data          0x0000000081018700        0x0 binaries/rfsgetmode.o
 .data          0x0000000081018700        0x0 binaries/rfsinit.o
 .data          0x0000000081018700        0x0 binaries/rfsndmsg.o
 .data          0x0000000081018700        0x0 binaries/rfsopen.o
 .data          0x0000000081018700        0x0 binaries/arp.o
 .data          0x0000000081018700        0x0 binaries/dhcp.o
 .data          0x0000000081018700        0x0 binaries/dns.o
 .data          0x0000000081018700        0x0 binaries/dot2ip.o
 .data          0x0000000081018700        0x0 binaries/hexdump.o
 .data          0x0000000081018700        0x4 binaries/icmp.o
 .data          0x0000000081018704        0x0 binaries/ip.o
 .data          0x0000000081018704        0x0 binaries/net.o
 .data          0x0000000081018704        0x0 binaries/netstart.o
 .data          0x0000000081018704        0x0 binaries/pdump.o
 .data          0x0000000081018704        0x0 binaries/tftp.o
 .data          0x0000000081018704        0x4 binaries/udp.o
 .data          0x0000000081018708        0x0 binaries/addargs.o
 .data          0x0000000081018708        0x0 binaries/lexan.o
 .data          0x0000000081018708        0x4 binaries/shell.o
                0x0000000081018708                ncmd
 .data          0x000000008101870c        0x0 binaries/xsh_argecho.o
 .data          0x000000008101870c        0x0 binaries/xsh_arp.o
 .data          0x000000008101870c        0x0 binaries/xsh_ass6.o
 .data          0x000000008101870c        0x0 binaries/xsh_cat.o
 .data          0x000000008101870c        0x0 binaries/xsh_clear.o
 .data          0x000000008101870c        0x0 binaries/xsh_date.o
 .data          0x000000008101870c        0x0 binaries/xsh_devdump.o
 .data          0x000000008101870c        0x0 binaries/xsh_echo.o
 .data          0x000000008101870c        0x0 binaries/xsh_exit.o
 .data          0x000000008101870c        0x0 binaries/xsh_hello.o
 .data          0x000000008101870c        0x0 binaries/xsh_help.o
 .data          0x000000008101870c        0x0 binaries/xsh_ipaddr.o
 .data          0x000000008101870c        0x0 binaries/xsh_kill.o
 .data          0x000000008101870c        0x0 binaries/xsh_led.o
 .data          0x000000008101870c        0x0 binaries/xsh_memdump.o
 .data          0x000000008101870c        0x0 binaries/xsh_memstat.o
 .data          0x000000008101870c        0x0 binaries/xsh_ping.o
 .data          0x000000008101870c        0x0 binaries/xsh_prodcons.o
 .data          0x000000008101870c        0x0 binaries/xsh_ps.o
 .data          0x000000008101870c        0x0 binaries/xsh_reset.o
 .data          0x000000008101870c        0x0 binaries/xsh_sleep.o
 .data          0x000000008101870c        0x0 binaries/xsh_udpdump.o
 .data          0x000000008101870c        0x0 binaries/xsh_udpecho.o
 .data          0x000000008101870c        0x0 binaries/xsh_udpeserver.o
 .data          0x000000008101870c        0x0 binaries/xsh_uptime.o
 .data          0x000000008101870c        0x0 binaries/ctxsw.o
 .data          0x000000008101870c        0x0 binaries/intr.o
 .data          0x000000008101870c        0x0 /usr/lib/gcc/arm-none-eabi/4.9.3/libgcc.a(_udivsi3.o)
 .data          0x000000008101870c        0x0 /usr/lib/gcc/arm-none-eabi/4.9.3/libgcc.a(_divsi3.o)
 .data          0x000000008101870c        0x0 /usr/lib/gcc/arm-none-eabi/4.9.3/libgcc.a(_dvmd_tls.o)
                0x000000008101870c                edata = ABSOLUTE (.)
                0x0000000081019000                . = ALIGN (0x1000)
 *fill*         0x000000008101870c      0x8f4 

.igot.plt       0x0000000081019000        0x0
 .igot.plt      0x0000000000000000        0x0 binaries/start.o

.bss            0x0000000081019000    0x20000
                0x0000000081019000                bss = ABSOLUTE (.)
 *(.bss .bss.*)
 .bss           0x0000000081019000        0x0 binaries/start.o
 .bss           0x0000000081019000        0x0 binaries/ascdate.o
 .bss           0x0000000081019000        0x0 binaries/bufinit.o
 .bss           0x0000000081019000        0x0 binaries/chprio.o
 .bss           0x0000000081019000        0x0 binaries/clkhandler.o
 .bss           0x0000000081019000        0x4 binaries/clkinit.o
                0x0000000081019000                ctr1000
 .bss           0x0000000081019004        0x0 binaries/close.o
 .bss           0x0000000081019004        0x0 binaries/conf.o
 .bss           0x0000000081019004        0x0 binaries/control.o
 .bss           0x0000000081019004        0x0 binaries/create.o
 .bss           0x0000000081019004        0x0 binaries/evec.o
 .bss           0x0000000081019004        0x0 binaries/exit.o
 .bss           0x0000000081019004        0x0 binaries/freebuf.o
 .bss           0x0000000081019004        0x0 binaries/freemem.o
 .bss           0x0000000081019004        0x0 binaries/future_alloc.o
 .bss           0x0000000081019004        0x0 binaries/future_free.o
 .bss           0x0000000081019004        0x0 binaries/future_get.o
 .bss           0x0000000081019004        0x0 binaries/future_set.o
 .bss           0x0000000081019004        0x0 binaries/getbuf.o
 .bss           0x0000000081019004        0x0 binaries/getc.o
 .bss           0x0000000081019004        0x0 binaries/getdev.o
 .bss           0x0000000081019004        0x0 binaries/getitem.o
 .bss           0x0000000081019004        0x0 binaries/getmem.o
 .bss           0x0000000081019004        0x0 binaries/getpid.o
 .bss           0x0000000081019004        0x0 binaries/getprio.o
 .bss           0x0000000081019004        0x0 binaries/getstk.o
 .bss           0x0000000081019004        0x0 binaries/gettime.o
 .bss           0x0000000081019004        0x0 binaries/getutime.o
 .bss           0x0000000081019004        0x0 binaries/init.o
 .bss           0x0000000081019004        0x0 binaries/initialize.o
 .bss           0x0000000081019004        0x0 binaries/insert.o
 .bss           0x0000000081019004        0x0 binaries/insertd.o
 .bss           0x0000000081019004        0x0 binaries/ioerr.o
 .bss           0x0000000081019004        0x0 binaries/ionull.o
 .bss           0x0000000081019004        0x0 binaries/kill.o
 .bss           0x0000000081019004        0x0 binaries/kprintf.o
 .bss           0x0000000081019004        0x0 binaries/main.o
 .bss           0x0000000081019004        0x0 binaries/mark.o
 .bss           0x0000000081019004        0x0 binaries/meminit.o
 .bss           0x0000000081019004        0x0 binaries/mkbufpool.o
 .bss           0x0000000081019004        0x0 binaries/mycreate.o
 .bss           0x0000000081019004        0x0 binaries/mygetmem.o
 .bss           0x0000000081019004        0x0 binaries/mygetstk.o
 .bss           0x0000000081019004        0x0 binaries/mykill.o
 .bss           0x0000000081019004        0x0 binaries/myqueue.o
 .bss           0x0000000081019004        0x0 binaries/newqueue.o
 .bss           0x0000000081019004        0x0 binaries/open.o
 .bss           0x0000000081019004        0x0 binaries/panic.o
 .bss           0x0000000081019004        0x0 binaries/platinit.o
 .bss           0x0000000081019004        0x0 binaries/ptclear.o
 .bss           0x0000000081019004        0x0 binaries/ptcount.o
 .bss           0x0000000081019004        0x0 binaries/ptcreate.o
 .bss           0x0000000081019004        0x0 binaries/ptdelete.o
 .bss           0x0000000081019004        0x0 binaries/ptinit.o
 .bss           0x0000000081019004        0x0 binaries/ptrecv.o
 .bss           0x0000000081019004        0x0 binaries/ptreset.o
 .bss           0x0000000081019004        0x0 binaries/ptsend.o
 .bss           0x0000000081019004        0x0 binaries/putc.o
 .bss           0x0000000081019004        0x0 binaries/queue.o
 .bss           0x0000000081019004        0x0 binaries/read.o
 .bss           0x0000000081019004        0x0 binaries/ready.o
 .bss           0x0000000081019004        0x0 binaries/receive.o
 .bss           0x0000000081019004        0x0 binaries/recvclr.o
 .bss           0x0000000081019004        0x0 binaries/recvtime.o
 .bss           0x0000000081019004        0x0 binaries/resched.o
 .bss           0x0000000081019004        0x0 binaries/resume.o
 .bss           0x0000000081019004        0x0 binaries/seek.o
 .bss           0x0000000081019004        0x0 binaries/semcount.o
 .bss           0x0000000081019004        0x4 binaries/semcreate.o
 .bss           0x0000000081019008        0x0 binaries/semdelete.o
 .bss           0x0000000081019008        0x0 binaries/semreset.o
 .bss           0x0000000081019008        0x0 binaries/send.o
 .bss           0x0000000081019008        0x0 binaries/signal.o
 .bss           0x0000000081019008        0x0 binaries/signaln.o
 .bss           0x0000000081019008        0x0 binaries/sleep.o
 .bss           0x0000000081019008        0x0 binaries/suspend.o
 .bss           0x0000000081019008        0x0 binaries/unsleep.o
 .bss           0x0000000081019008        0x0 binaries/userret.o
 .bss           0x0000000081019008        0x0 binaries/wait.o
 .bss           0x0000000081019008        0x0 binaries/wakeup.o
 .bss           0x0000000081019008        0x0 binaries/write.o
 .bss           0x0000000081019008        0x0 binaries/xdone.o
 .bss           0x0000000081019008        0x0 binaries/yield.o
 .bss           0x0000000081019008        0x0 binaries/abs.o
 .bss           0x0000000081019008        0x0 binaries/atoi.o
 .bss           0x0000000081019008        0x0 binaries/atol.o
 .bss           0x0000000081019008        0x0 binaries/bzero.o
 .bss           0x0000000081019008        0x0 binaries/ctype_.o
 .bss           0x0000000081019008        0x0 binaries/doprnt.o
 .bss           0x0000000081019008        0x0 binaries/doscan.o
 .bss           0x0000000081019008        0x0 binaries/fdoprnt.o
 .bss           0x0000000081019008        0x0 binaries/fgetc.o
 .bss           0x0000000081019008        0x0 binaries/fgets.o
 .bss           0x0000000081019008        0x0 binaries/fprintf.o
 .bss           0x0000000081019008        0x0 binaries/fputc.o
 .bss           0x0000000081019008        0x0 binaries/fputs.o
 .bss           0x0000000081019008        0x0 binaries/fscanf.o
 .bss           0x0000000081019008        0x0 binaries/getchar.o
 .bss           0x0000000081019008        0x0 binaries/labs.o
 .bss           0x0000000081019008        0x0 binaries/memchr.o
 .bss           0x0000000081019008        0x0 binaries/memcmp.o
 .bss           0x0000000081019008        0x0 binaries/memcpy.o
 .bss           0x0000000081019008        0x0 binaries/memset.o
 .bss           0x0000000081019008        0x0 binaries/printf.o
 .bss           0x0000000081019008        0x0 binaries/putchar.o
 .bss           0x0000000081019008        0x8 binaries/qsort.o
 .bss           0x0000000081019010        0x0 binaries/rand.o
 .bss           0x0000000081019010        0x0 binaries/sprintf.o
 .bss           0x0000000081019010        0x0 binaries/sscanf.o
 .bss           0x0000000081019010        0x0 binaries/strchr.o
 .bss           0x0000000081019010        0x0 binaries/strcmp.o
 .bss           0x0000000081019010        0x0 binaries/strcpy.o
 .bss           0x0000000081019010        0x0 binaries/strlen.o
 .bss           0x0000000081019010        0x0 binaries/strncat.o
 .bss           0x0000000081019010        0x0 binaries/strncmp.o
 .bss           0x0000000081019010        0x0 binaries/strncpy.o
 .bss           0x0000000081019010        0x0 binaries/strnlen.o
 .bss           0x0000000081019010        0x0 binaries/strrchr.o
 .bss           0x0000000081019010        0x0 binaries/strstr.o
 .bss           0x0000000081019010        0x0 binaries/ttycontrol.o
 .bss           0x0000000081019010        0x0 binaries/ttygetc.o
 .bss           0x0000000081019010        0x0 binaries/ttyhandle_in.o
 .bss           0x0000000081019010        0x0 binaries/ttyhandle_out.o
 .bss           0x0000000081019010        0x0 binaries/ttyhandler.o
 .bss           0x0000000081019010        0x0 binaries/ttyinit.o
 .bss           0x0000000081019010        0x0 binaries/ttykickout.o
 .bss           0x0000000081019010        0x0 binaries/ttyputc.o
 .bss           0x0000000081019010        0x0 binaries/ttyread.o
 .bss           0x0000000081019010        0x0 binaries/ttywrite.o
 .bss           0x0000000081019010        0x0 binaries/consume.o
 .bss           0x0000000081019010        0x0 binaries/displayfreeblocks.o
 .bss           0x0000000081019010        0x0 binaries/future_cons.o
 .bss           0x0000000081019010        0x0 binaries/future_prod.o
 .bss           0x0000000081019010        0x0 binaries/produce.o
 .bss           0x0000000081019010        0x0 binaries/testfunction.o
 .bss           0x0000000081019010        0x0 binaries/mount.o
 .bss           0x0000000081019010        0x0 binaries/naminit.o
 .bss           0x0000000081019010        0x0 binaries/nammap.o
 .bss           0x0000000081019010        0x0 binaries/namopen.o
 .bss           0x0000000081019010        0x0 binaries/colon2mac.o
 .bss           0x0000000081019010        0x0 binaries/ethcontrol.o
 .bss           0x0000000081019010        0x0 binaries/ethhandler.o
 .bss           0x0000000081019010        0x0 binaries/ethinit.o
 .bss           0x0000000081019010        0x0 binaries/ethread.o
 .bss           0x0000000081019010        0x0 binaries/ethwrite.o
 .bss           0x0000000081019010        0x0 binaries/rdsbufalloc.o
 .bss           0x0000000081019010        0x0 binaries/rdsclose.o
 .bss           0x0000000081019010        0x0 binaries/rdscomm.o
 .bss           0x0000000081019010        0x0 binaries/rdscontrol.o
 .bss           0x0000000081019010        0x0 binaries/rdsinit.o
 .bss           0x0000000081019010        0x0 binaries/rdsopen.o
 .bss           0x0000000081019010        0x0 binaries/rdsprocess.o
 .bss           0x0000000081019010        0x0 binaries/rdsread.o
 .bss           0x0000000081019010        0x0 binaries/rdswrite.o
 .bss           0x0000000081019010        0x0 binaries/ramclose.o
 .bss           0x0000000081019010        0x0 binaries/raminit.o
 .bss           0x0000000081019010        0x0 binaries/ramopen.o
 .bss           0x0000000081019010        0x0 binaries/ramread.o
 .bss           0x0000000081019010        0x0 binaries/ramwrite.o
 .bss           0x0000000081019010        0x0 binaries/lfdballoc.o
 .bss           0x0000000081019010        0x0 binaries/lfdbfree.o
 .bss           0x0000000081019010        0x0 binaries/lfflush.o
 .bss           0x0000000081019010        0x0 binaries/lfgetmode.o
 .bss           0x0000000081019010        0x0 binaries/lfiballoc.o
 .bss           0x0000000081019010        0x0 binaries/lfibclear.o
 .bss           0x0000000081019010        0x0 binaries/lfibget.o
 .bss           0x0000000081019010        0x0 binaries/lfibput.o
 .bss           0x0000000081019010        0x0 binaries/lflclose.o
 .bss           0x0000000081019010        0x0 binaries/lflcontrol.o
 .bss           0x0000000081019010        0x0 binaries/lflgetc.o
 .bss           0x0000000081019010        0x0 binaries/lflinit.o
 .bss           0x0000000081019010        0x0 binaries/lflputc.o
 .bss           0x0000000081019010        0x0 binaries/lflread.o
 .bss           0x0000000081019010        0x0 binaries/lflseek.o
 .bss           0x0000000081019010        0x0 binaries/lflwrite.o
 .bss           0x0000000081019010        0x0 binaries/lfsckfmt.o
 .bss           0x0000000081019010        0x0 binaries/lfscreate.o
 .bss           0x0000000081019010        0x0 binaries/lfsetup.o
 .bss           0x0000000081019010        0x0 binaries/lfsinit.o
 .bss           0x0000000081019010        0x0 binaries/lfsopen.o
 .bss           0x0000000081019010        0x0 binaries/lftruncate.o
 .bss           0x0000000081019010        0x0 binaries/rflclose.o
 .bss           0x0000000081019010        0x0 binaries/rflgetc.o
 .bss           0x0000000081019010        0x0 binaries/rflinit.o
 .bss           0x0000000081019010        0x0 binaries/rflputc.o
 .bss           0x0000000081019010        0x0 binaries/rflread.o
 .bss           0x0000000081019010        0x0 binaries/rflseek.o
 .bss           0x0000000081019010        0x0 binaries/rflwrite.o
 .bss           0x0000000081019010        0x0 binaries/rfscomm.o
 .bss           0x0000000081019010        0x0 binaries/rfscontrol.o
 .bss           0x0000000081019010        0x0 binaries/rfsgetmode.o
 .bss           0x0000000081019010        0x0 binaries/rfsinit.o
 .bss           0x0000000081019010        0x0 binaries/rfsndmsg.o
 .bss           0x0000000081019010        0x0 binaries/rfsopen.o
 .bss           0x0000000081019010        0x0 binaries/arp.o
 .bss           0x0000000081019010        0x0 binaries/dhcp.o
 .bss           0x0000000081019010        0x0 binaries/dns.o
 .bss           0x0000000081019010        0x0 binaries/dot2ip.o
 .bss           0x0000000081019010        0x0 binaries/hexdump.o
 .bss           0x0000000081019010        0x0 binaries/icmp.o
 .bss           0x0000000081019010        0x0 binaries/ip.o
 .bss           0x0000000081019010        0x0 binaries/net.o
 .bss           0x0000000081019010        0x0 binaries/netstart.o
 .bss           0x0000000081019010        0x0 binaries/pdump.o
 .bss           0x0000000081019010        0x0 binaries/tftp.o
 .bss           0x0000000081019010        0x0 binaries/udp.o
 .bss           0x0000000081019010        0x0 binaries/addargs.o
 .bss           0x0000000081019010        0x0 binaries/lexan.o
 .bss           0x0000000081019010        0x0 binaries/shell.o
[...]
                0x0000000000002672       0x35 binaries/rflseek.o
 .ARM.attributes
                0x00000000000026a7       0x35 binaries/rflwrite.o
 .ARM.attributes
                0x00000000000026dc       0x35 binaries/rfscomm.o
 .ARM.attributes
                0x0000000000002711       0x35 binaries/rfscontrol.o
 .ARM.attributes
                0x0000000000002746       0x35 binaries/rfsgetmode.o
 .ARM.attributes
                0x000000000000277b       0x35 binaries/rfsinit.o
 .ARM.attributes
                0x00000000000027b0       0x35 binaries/rfsndmsg.o
 .ARM.attributes
                0x00000000000027e5       0x35 binaries/rfsopen.o
 .ARM.attributes
                0x000000000000281a       0x35 binaries/arp.o
 .ARM.attributes
                0x000000000000284f       0x35 binaries/dhcp.o
 .ARM.attributes
                0x0000000000002884       0x35 binaries/dns.o
 .ARM.attributes
                0x00000000000028b9       0x35 binaries/dot2ip.o
 .ARM.attributes
                0x00000000000028ee       0x35 binaries/hexdump.o
 .ARM.attributes
                0x0000000000002923       0x35 binaries/icmp.o
 .ARM.attributes
                0x0000000000002958       0x35 binaries/ip.o
 .ARM.attributes
                0x000000000000298d       0x35 binaries/net.o
 .ARM.attributes
                0x00000000000029c2       0x35 binaries/netstart.o
 .ARM.attributes
                0x00000000000029f7       0x35 binaries/pdump.o
 .ARM.attributes
                0x0000000000002a2c       0x35 binaries/tftp.o
 .ARM.attributes
                0x0000000000002a61       0x35 binaries/udp.o
 .ARM.attributes
                0x0000000000002a96       0x35 binaries/addargs.o
 .ARM.attributes
                0x0000000000002acb       0x35 binaries/lexan.o
 .ARM.attributes
                0x0000000000002b00       0x35 binaries/shell.o
 .ARM.attributes
                0x0000000000002b35       0x35 binaries/xsh_argecho.o
 .ARM.attributes
                0x0000000000002b6a       0x35 binaries/xsh_arp.o
 .ARM.attributes
                0x0000000000002b9f       0x35 binaries/xsh_ass6.o
 .ARM.attributes
                0x0000000000002bd4       0x35 binaries/xsh_cat.o
 .ARM.attributes
                0x0000000000002c09       0x35 binaries/xsh_clear.o
 .ARM.attributes
                0x0000000000002c3e       0x35 binaries/xsh_date.o
 .ARM.attributes
                0x0000000000002c73       0x35 binaries/xsh_devdump.o
 .ARM.attributes
                0x0000000000002ca8       0x35 binaries/xsh_echo.o
 .ARM.attributes
                0x0000000000002cdd       0x35 binaries/xsh_exit.o
 .ARM.attributes
                0x0000000000002d12       0x35 binaries/xsh_hello.o
 .ARM.attributes
                0x0000000000002d47       0x35 binaries/xsh_help.o
 .ARM.attributes
                0x0000000000002d7c       0x35 binaries/xsh_ipaddr.o
 .ARM.attributes
                0x0000000000002db1       0x35 binaries/xsh_kill.o
 .ARM.attributes
                0x0000000000002de6       0x35 binaries/xsh_led.o
 .ARM.attributes
                0x0000000000002e1b       0x35 binaries/xsh_memdump.o
 .ARM.attributes
                0x0000000000002e50       0x35 binaries/xsh_memstat.o
 .ARM.attributes
                0x0000000000002e85       0x35 binaries/xsh_ping.o
 .ARM.attributes
                0x0000000000002eba       0x35 binaries/xsh_prodcons.o
 .ARM.attributes
                0x0000000000002eef       0x35 binaries/xsh_ps.o
 .ARM.attributes
                0x0000000000002f24       0x35 binaries/xsh_reset.o
 .ARM.attributes
                0x0000000000002f59       0x35 binaries/xsh_sleep.o
 .ARM.attributes
                0x0000000000002f8e       0x35 binaries/xsh_udpdump.o
 .ARM.attributes
                0x0000000000002fc3       0x35 binaries/xsh_udpecho.o
 .ARM.attributes
                0x0000000000002ff8       0x35 binaries/xsh_udpeserver.o
 .ARM.attributes
                0x000000000000302d       0x35 binaries/xsh_uptime.o
 .ARM.attributes
                0x0000000000003062       0x25 binaries/ctxsw.o
 .ARM.attributes
                0x0000000000003087       0x25 binaries/intr.o
 .ARM.attributes
                0x00000000000030ac       0x18 /usr/lib/gcc/arm-none-eabi/4.9.3/libgcc.a(_udivsi3.o)
 .ARM.attributes
                0x00000000000030c4       0x18 /usr/lib/gcc/arm-none-eabi/4.9.3/libgcc.a(_divsi3.o)
 .ARM.attributes
                0x00000000000030dc       0x18 /usr/lib/gcc/arm-none-eabi/4.9.3/libgcc.a(_dvmd_tls.o)

.comment        0x0000000000000000       0x70
 .comment       0x0000000000000000       0x70 binaries/ascdate.o
                                         0x71 (size before relaxing)
 .comment       0x0000000000000000       0x71 binaries/bufinit.o
 .comment       0x0000000000000000       0x71 binaries/chprio.o
 .comment       0x0000000000000000       0x71 binaries/clkhandler.o
 .comment       0x0000000000000000       0x71 binaries/clkinit.o
 .comment       0x0000000000000000       0x71 binaries/close.o
 .comment       0x0000000000000000       0x71 binaries/conf.o
 .comment       0x0000000000000000       0x71 binaries/control.o
 .comment       0x0000000000000000       0x71 binaries/create.o
 .comment       0x0000000000000000       0x71 binaries/evec.o
 .comment       0x0000000000000000       0x71 binaries/exit.o
 .comment       0x0000000000000000       0x71 binaries/freebuf.o
 .comment       0x0000000000000000       0x71 binaries/freemem.o
 .comment       0x0000000000000000       0x71 binaries/future_alloc.o
 .comment       0x0000000000000000       0x71 binaries/future_free.o
 .comment       0x0000000000000000       0x71 binaries/future_get.o
 .comment       0x0000000000000000       0x71 binaries/future_set.o
 .comment       0x0000000000000000       0x71 binaries/getbuf.o
 .comment       0x0000000000000000       0x71 binaries/getc.o
 .comment       0x0000000000000000       0x71 binaries/getdev.o
 .comment       0x0000000000000000       0x71 binaries/getitem.o
 .comment       0x0000000000000000       0x71 binaries/getmem.o
 .comment       0x0000000000000000       0x71 binaries/getpid.o
 .comment       0x0000000000000000       0x71 binaries/getprio.o
 .comment       0x0000000000000000       0x71 binaries/getstk.o
 .comment       0x0000000000000000       0x71 binaries/gettime.o
 .comment       0x0000000000000000       0x71 binaries/getutime.o
 .comment       0x0000000000000000       0x71 binaries/init.o
 .comment       0x0000000000000000       0x71 binaries/initialize.o
 .comment       0x0000000000000000       0x71 binaries/insert.o
 .comment       0x0000000000000000       0x71 binaries/insertd.o
 .comment       0x0000000000000000       0x71 binaries/ioerr.o
 .comment       0x0000000000000000       0x71 binaries/ionull.o
 .comment       0x0000000000000000       0x71 binaries/kill.o
 .comment       0x0000000000000000       0x71 binaries/kprintf.o
 .comment       0x0000000000000000       0x71 binaries/main.o
 .comment       0x0000000000000000       0x71 binaries/mark.o
 .comment       0x0000000000000000       0x71 binaries/meminit.o
 .comment       0x0000000000000000       0x71 binaries/mkbufpool.o
 .comment       0x0000000000000000       0x71 binaries/mycreate.o
 .comment       0x0000000000000000       0x71 binaries/mygetmem.o
 .comment       0x0000000000000000       0x71 binaries/mygetstk.o
 .comment       0x0000000000000000       0x71 binaries/mykill.o
 .comment       0x0000000000000000       0x71 binaries/myqueue.o
 .comment       0x0000000000000000       0x71 binaries/newqueue.o
 .comment       0x0000000000000000       0x71 binaries/open.o
 .comment       0x0000000000000000       0x71 binaries/panic.o
 .comment       0x0000000000000000       0x71 binaries/platinit.o
 .comment       0x0000000000000000       0x71 binaries/ptclear.o
 .comment       0x0000000000000000       0x71 binaries/ptcount.o
 .comment       0x0000000000000000       0x71 binaries/ptcreate.o
 .comment       0x0000000000000000       0x71 binaries/ptdelete.o
 .comment       0x0000000000000000       0x71 binaries/ptinit.o
 .comment       0x0000000000000000       0x71 binaries/ptrecv.o
 .comment       0x0000000000000000       0x71 binaries/ptreset.o
 .comment       0x0000000000000000       0x71 binaries/ptsend.o
 .comment       0x0000000000000000       0x71 binaries/putc.o
 .comment       0x0000000000000000       0x71 binaries/queue.o
 .comment       0x0000000000000000       0x71 binaries/read.o
 .comment       0x0000000000000000       0x71 binaries/ready.o
 .comment       0x0000000000000000       0x71 binaries/receive.o
 .comment       0x0000000000000000       0x71 binaries/recvclr.o
 .comment       0x0000000000000000       0x71 binaries/recvtime.o
 .comment       0x0000000000000000       0x71 binaries/resched.o
 .comment       0x0000000000000000       0x71 binaries/resume.o
 .comment       0x0000000000000000       0x71 binaries/seek.o
 .comment       0x0000000000000000       0x71 binaries/semcount.o
 .comment       0x0000000000000000       0x71 binaries/semcreate.o
 .comment       0x0000000000000000       0x71 binaries/semdelete.o
 .comment       0x0000000000000000       0x71 binaries/semreset.o
 .comment       0x0000000000000000       0x71 binaries/send.o
 .comment       0x0000000000000000       0x71 binaries/signal.o
 .comment       0x0000000000000000       0x71 binaries/signaln.o
 .comment       0x0000000000000000       0x71 binaries/sleep.o
 .comment       0x0000000000000000       0x71 binaries/suspend.o
 .comment       0x0000000000000000       0x71 binaries/unsleep.o
 .comment       0x0000000000000000       0x71 binaries/userret.o
 .comment       0x0000000000000000       0x71 binaries/wait.o
 .comment       0x0000000000000000       0x71 binaries/wakeup.o
 .comment       0x0000000000000000       0x71 binaries/write.o
 .comment       0x0000000000000000       0x71 binaries/xdone.o
 .comment       0x0000000000000000       0x71 binaries/yield.o
 .comment       0x0000000000000000       0x71 binaries/abs.o
 .comment       0x0000000000000000       0x71 binaries/atoi.o
 .comment       0x0000000000000000       0x71 binaries/atol.o
 .comment       0x0000000000000000       0x71 binaries/bzero.o
 .comment       0x0000000000000000       0x71 binaries/ctype_.o
 .comment       0x0000000000000000       0x71 binaries/doprnt.o
 .comment       0x0000000000000000       0x71 binaries/doscan.o
 .comment       0x0000000000000000       0x71 binaries/fdoprnt.o
 .comment       0x0000000000000000       0x71 binaries/fgetc.o
 .comment       0x0000000000000000       0x71 binaries/fgets.o
 .comment       0x0000000000000000       0x71 binaries/fprintf.o
 .comment       0x0000000000000000       0x71 binaries/fputc.o
 .comment       0x0000000000000000       0x71 binaries/fputs.o
 .comment       0x0000000000000000       0x71 binaries/fscanf.o
 .comment       0x0000000000000000       0x71 binaries/getchar.o
 .comment       0x0000000000000000       0x71 binaries/labs.o
 .comment       0x0000000000000000       0x71 binaries/memchr.o
 .comment       0x0000000000000000       0x71 binaries/memcmp.o
 .comment       0x0000000000000000       0x71 binaries/memcpy.o
 .comment       0x0000000000000000       0x71 binaries/memset.o
 .comment       0x0000000000000000       0x71 binaries/printf.o
 .comment       0x0000000000000000       0x71 binaries/putchar.o
 .comment       0x0000000000000000       0x71 binaries/qsort.o
 .comment       0x0000000000000000       0x71 binaries/rand.o
 .comment       0x0000000000000000       0x71 binaries/sprintf.o
 .comment       0x0000000000000000       0x71 binaries/sscanf.o
 .comment       0x0000000000000000       0x71 binaries/strchr.o
 .comment       0x0000000000000000       0x71 binaries/strcmp.o
 .comment       0x0000000000000000       0x71 binaries/strcpy.o
 .comment       0x0000000000000000       0x71 binaries/strlen.o
 .comment       0x0000000000000000       0x71 binaries/strncat.o
 .comment       0x0000000000000000       0x71 binaries/strncmp.o
 .comment       0x0000000000000000       0x71 binaries/strncpy.o
 .comment       0x0000000000000000       0x71 binaries/strnlen.o
 .comment       0x0000000000000000       0x71 binaries/strrchr.o
 .comment       0x0000000000000000       0x71 binaries/strstr.o
 .comment       0x0000000000000000       0x71 binaries/ttycontrol.o
 .comment       0x0000000000000000       0x71 binaries/ttygetc.o
 .comment       0x0000000000000000       0x71 binaries/ttyhandle_in.o
 .comment       0x0000000000000000       0x71 binaries/ttyhandle_out.o
 .comment       0x0000000000000000       0x71 binaries/ttyhandler.o
 .comment       0x0000000000000000       0x71 binaries/ttyinit.o
 .comment       0x0000000000000000       0x71 binaries/ttykickout.o
 .comment       0x0000000000000000       0x71 binaries/ttyputc.o
 .comment       0x0000000000000000       0x71 binaries/ttyread.o
 .comment       0x0000000000000000       0x71 binaries/ttywrite.o
 .comment       0x0000000000000000       0x71 binaries/consume.o
 .comment       0x0000000000000000       0x71 binaries/displayfreeblocks.o
 .comment       0x0000000000000000       0x71 binaries/future_cons.o
 .comment       0x0000000000000000       0x71 binaries/future_prod.o
 .comment       0x0000000000000000       0x71 binaries/produce.o
 .comment       0x0000000000000000       0x71 binaries/testfunction.o
 .comment       0x0000000000000000       0x71 binaries/mount.o
 .comment       0x0000000000000000       0x71 binaries/naminit.o
 .comment       0x0000000000000000       0x71 binaries/nammap.o
 .comment       0x0000000000000000       0x71 binaries/namopen.o
 .comment       0x0000000000000000       0x71 binaries/colon2mac.o
 .comment       0x0000000000000000       0x71 binaries/ethcontrol.o
 .comment       0x0000000000000000       0x71 binaries/ethhandler.o
 .comment       0x0000000000000000       0x71 binaries/ethinit.o
 .comment       0x0000000000000000       0x71 binaries/ethread.o
 .comment       0x0000000000000000       0x71 binaries/ethwrite.o
 .comment       0x0000000000000000       0x71 binaries/rdsbufalloc.o
 .comment       0x0000000000000000       0x71 binaries/rdsclose.o
 .comment       0x0000000000000000       0x71 binaries/rdscomm.o
 .comment       0x0000000000000000       0x71 binaries/rdscontrol.o
 .comment       0x0000000000000000       0x71 binaries/rdsinit.o
 .comment       0x0000000000000000       0x71 binaries/rdsopen.o
 .comment       0x0000000000000000       0x71 binaries/rdsprocess.o
 .comment       0x0000000000000000       0x71 binaries/rdsread.o
 .comment       0x0000000000000000       0x71 binaries/rdswrite.o
 .comment       0x0000000000000000       0x71 binaries/ramclose.o
 .comment       0x0000000000000000       0x71 binaries/raminit.o
 .comment       0x0000000000000000       0x71 binaries/ramopen.o
 .comment       0x0000000000000000       0x71 binaries/ramread.o
 .comment       0x0000000000000000       0x71 binaries/ramwrite.o
 .comment       0x0000000000000000       0x71 binaries/lfdballoc.o
 .comment       0x0000000000000000       0x71 binaries/lfdbfree.o
 .comment       0x0000000000000000       0x71 binaries/lfflush.o
 .comment       0x0000000000000000       0x71 binaries/lfgetmode.o
 .comment       0x0000000000000000       0x71 binaries/lfiballoc.o
 .comment       0x0000000000000000       0x71 binaries/lfibclear.o
 .comment       0x0000000000000000       0x71 binaries/lfibget.o
 .comment       0x0000000000000000       0x71 binaries/lfibput.o
 .comment       0x0000000000000000       0x71 binaries/lflclose.o
 .comment       0x0000000000000000       0x71 binaries/lflcontrol.o
 .comment       0x0000000000000000       0x71 binaries/lflgetc.o
 .comment       0x0000000000000000       0x71 binaries/lflinit.o
 .comment       0x0000000000000000       0x71 binaries/lflputc.o
 .comment       0x0000000000000000       0x71 binaries/lflread.o
 .comment       0x0000000000000000       0x71 binaries/lflseek.o
 .comment       0x0000000000000000       0x71 binaries/lflwrite.o
 .comment       0x0000000000000000       0x71 binaries/lfsckfmt.o
 .comment       0x0000000000000000       0x71 binaries/lfscreate.o
 .comment       0x0000000000000000       0x71 binaries/lfsetup.o
 .comment       0x0000000000000000       0x71 binaries/lfsinit.o
 .comment       0x0000000000000000       0x71 binaries/lfsopen.o
 .comment       0x0000000000000000       0x71 binaries/lftruncate.o
 .comment       0x0000000000000000       0x71 binaries/rflclose.o
 .comment       0x0000000000000000       0x71 binaries/rflgetc.o
 .comment       0x0000000000000000       0x71 binaries/rflinit.o
 .comment       0x0000000000000000       0x71 binaries/rflputc.o
 .comment       0x0000000000000000       0x71 binaries/rflread.o
 .comment       0x0000000000000000       0x71 binaries/rflseek.o
 .comment       0x0000000000000000       0x71 binaries/rflwrite.o
 .comment       0x0000000000000000       0x71 binaries/rfscomm.o
 .comment       0x0000000000000000       0x71 binaries/rfscontrol.o
 .comment       0x0000000000000000       0x71 binaries/rfsgetmode.o
 .comment       0x0000000000000000       0x71 binaries/rfsinit.o
 .comment       0x0000000000000000       0x71 binaries/rfsndmsg.o
 .comment       0x0000000000000000       0x71 binaries/rfsopen.o
 .comment       0x0000000000000000       0x71 binaries/arp.o
 .comment       0x0000000000000000       0x71 binaries/dhcp.o
 .comment       0x0000000000000000       0x71 binaries/dns.o
 .comment       0x0000000000000000       0x71 binaries/dot2ip.o
 .comment       0x0000000000000000       0x71 binaries/hexdump.o
 .comment       0x0000000000000000       0x71 binaries/icmp.o
 .comment       0x0000000000000000       0x71 binaries/ip.o
 .comment       0x0000000000000000       0x71 binaries/net.o
 .comment       0x0000000000000000       0x71 binaries/netstart.o
 .comment       0x0000000000000000       0x71 binaries/pdump.o
 .comment       0x0000000000000000       0x71 binaries/tftp.o
 .comment       0x0000000000000000       0x71 binaries/udp.o
 .comment       0x0000000000000000       0x71 binaries/addargs.o
 .comment       0x0000000000000000       0x71 binaries/lexan.o
 .comment       0x0000000000000000       0x71 binaries/shell.o
 .comment       0x0000000000000000       0x71 binaries/xsh_argecho.o
 .comment       0x0000000000000000       0x71 binaries/xsh_arp.o
 .comment       0x0000000000000000       0x71 binaries/xsh_ass6.o
 .comment       0x0000000000000000       0x71 binaries/xsh_cat.o
 .comment       0x0000000000000000       0x71 binaries/xsh_clear.o
 .comment       0x0000000000000000       0x71 binaries/xsh_date.o
 .comment       0x0000000000000000       0x71 binaries/xsh_devdump.o
 .comment       0x0000000000000000       0x71 binaries/xsh_echo.o
 .comment       0x0000000000000000       0x71 binaries/xsh_exit.o
 .comment       0x0000000000000000       0x71 binaries/xsh_hello.o
 .comment       0x0000000000000000       0x71 binaries/xsh_help.o
 .comment       0x0000000000000000       0x71 binaries/xsh_ipaddr.o
 .comment       0x0000000000000000       0x71 binaries/xsh_kill.o
 .comment       0x0000000000000000       0x71 binaries/xsh_led.o
 .comment       0x0000000000000000       0x71 binaries/xsh_memdump.o
 .comment       0x0000000000000000       0x71 binaries/xsh_memstat.o
 .comment       0x0000000000000000       0x71 binaries/xsh_ping.o
 .comment       0x0000000000000000       0x71 binaries/xsh_prodcons.o
 .comment       0x0000000000000000       0x71 binaries/xsh_ps.o
 .comment       0x0000000000000000       0x71 binaries/xsh_reset.o
 .comment       0x0000000000000000       0x71 binaries/xsh_sleep.o
 .comment       0x0000000000000000       0x71 binaries/xsh_udpdump.o
 .comment       0x0000000000000000       0x71 binaries/xsh_udpecho.o
 .comment       0x0000000000000000       0x71 binaries/xsh_udpeserver.o
 .comment       0x0000000000000000       0x71 binaries/xsh_uptime.o

.debug_frame    0x0000000000000000       0x40
 .debug_frame   0x0000000000000000       0x20 /usr/lib/gcc/arm-none-eabi/4.9.3/libgcc.a(_udivsi3.o)
 .debug_frame   0x0000000000000020       0x20 /usr/lib/gcc/arm-none-eabi/4.9.3/libgcc.a(_divsi3.o)
